Analysis & Synthesis report for top_level_matrix
Tue Apr 01 12:10:52 2025
Quartus Prime Version 18.1.0 Build 625 09/12/2018 SJ Lite Edition


---------------------
; Table of Contents ;
---------------------
  1. Legal Notice
  2. Analysis & Synthesis Summary
  3. Analysis & Synthesis Settings
  4. Parallel Compilation
  5. Analysis & Synthesis Source Files Read
  6. Analysis & Synthesis Resource Usage Summary
  7. Analysis & Synthesis Resource Utilization by Entity
  8. State Machine - |top_level_matrix|etch_a_sketch:game_logic|draw_colour
  9. State Machine - |top_level_matrix|led_matrix_ctrl_path:ctrl_path|state
 10. Registers Removed During Synthesis
 11. General Register Statistics
 12. Multiplexer Restructuring Statistics (Restructuring Performed)
 13. Source assignments for Top-level Entity: |top_level_matrix
 14. Parameter Settings for User Entity Instance: led_matrix_ctrl_path:ctrl_path
 15. Port Connectivity Checks: "etch_a_sketch:game_logic"
 16. Port Connectivity Checks: "led_matrix_ctrl_path:ctrl_path"
 17. Port Connectivity Checks: "led_matrix_data_path:data_path|two_port_ram:color_matrix"
 18. Port Connectivity Checks: "led_matrix_data_path:data_path"
 19. Post-Synthesis Netlist Statistics for Top Partition
 20. Elapsed Time Per Partition
 21. Analysis & Synthesis Messages
 22. Analysis & Synthesis Suppressed Messages



----------------
; Legal Notice ;
----------------
Copyright (C) 2018  Intel Corporation. All rights reserved.
Your use of Intel Corporation's design tools, logic functions 
and other software and tools, and its AMPP partner logic 
functions, and any output files from any of the foregoing 
(including device programming or simulation files), and any 
associated documentation or information are expressly subject 
to the terms and conditions of the Intel Program License 
Subscription Agreement, the Intel Quartus Prime License Agreement,
the Intel FPGA IP License Agreement, or other applicable license
agreement, including, without limitation, that your use is for
the sole purpose of programming logic devices manufactured by
Intel and sold by Intel or its authorized distributors.  Please
refer to the applicable agreement for further details.



+-------------------------------------------------------------------------------+
; Analysis & Synthesis Summary                                                  ;
+---------------------------------+---------------------------------------------+
; Analysis & Synthesis Status     ; Successful - Tue Apr 01 12:10:52 2025       ;
; Quartus Prime Version           ; 18.1.0 Build 625 09/12/2018 SJ Lite Edition ;
; Revision Name                   ; top_level_matrix                            ;
; Top-level Entity Name           ; top_level_matrix                            ;
; Family                          ; Cyclone V                                   ;
; Logic utilization (in ALMs)     ; N/A                                         ;
; Total registers                 ; 3197                                        ;
; Total pins                      ; 24                                          ;
; Total virtual pins              ; 0                                           ;
; Total block memory bits         ; 0                                           ;
; Total DSP Blocks                ; 0                                           ;
; Total HSSI RX PCSs              ; 0                                           ;
; Total HSSI PMA RX Deserializers ; 0                                           ;
; Total HSSI TX PCSs              ; 0                                           ;
; Total HSSI PMA TX Serializers   ; 0                                           ;
; Total PLLs                      ; 0                                           ;
; Total DLLs                      ; 0                                           ;
+---------------------------------+---------------------------------------------+


+---------------------------------------------------------------------------------------------------------------------------+
; Analysis & Synthesis Settings                                                                                             ;
+---------------------------------------------------------------------------------+--------------------+--------------------+
; Option                                                                          ; Setting            ; Default Value      ;
+---------------------------------------------------------------------------------+--------------------+--------------------+
; Device                                                                          ; 5CSEMA4U23C6       ;                    ;
; Top-level entity name                                                           ; top_level_matrix   ; top_level_matrix   ;
; Family name                                                                     ; Cyclone V          ; Cyclone V          ;
; Use smart compilation                                                           ; Off                ; Off                ;
; Enable parallel Assembler and Timing Analyzer during compilation                ; On                 ; On                 ;
; Enable compact report table                                                     ; Off                ; Off                ;
; Restructure Multiplexers                                                        ; Auto               ; Auto               ;
; MLAB Add Timing Constraints For Mixed-Port Feed-Through Mode Setting Don't Care ; Off                ; Off                ;
; Create Debugging Nodes for IP Cores                                             ; Off                ; Off                ;
; Preserve fewer node names                                                       ; On                 ; On                 ;
; Intel FPGA IP Evaluation Mode                                                   ; Enable             ; Enable             ;
; Verilog Version                                                                 ; Verilog_2001       ; Verilog_2001       ;
; VHDL Version                                                                    ; VHDL_1993          ; VHDL_1993          ;
; State Machine Processing                                                        ; Auto               ; Auto               ;
; Safe State Machine                                                              ; Off                ; Off                ;
; Extract Verilog State Machines                                                  ; On                 ; On                 ;
; Extract VHDL State Machines                                                     ; On                 ; On                 ;
; Ignore Verilog initial constructs                                               ; Off                ; Off                ;
; Iteration limit for constant Verilog loops                                      ; 5000               ; 5000               ;
; Iteration limit for non-constant Verilog loops                                  ; 250                ; 250                ;
; Add Pass-Through Logic to Inferred RAMs                                         ; On                 ; On                 ;
; Infer RAMs from Raw Logic                                                       ; On                 ; On                 ;
; Parallel Synthesis                                                              ; On                 ; On                 ;
; DSP Block Balancing                                                             ; Auto               ; Auto               ;
; NOT Gate Push-Back                                                              ; On                 ; On                 ;
; Power-Up Don't Care                                                             ; On                 ; On                 ;
; Remove Redundant Logic Cells                                                    ; Off                ; Off                ;
; Remove Duplicate Registers                                                      ; On                 ; On                 ;
; Ignore CARRY Buffers                                                            ; Off                ; Off                ;
; Ignore CASCADE Buffers                                                          ; Off                ; Off                ;
; Ignore GLOBAL Buffers                                                           ; Off                ; Off                ;
; Ignore ROW GLOBAL Buffers                                                       ; Off                ; Off                ;
; Ignore LCELL Buffers                                                            ; Off                ; Off                ;
; Ignore SOFT Buffers                                                             ; On                 ; On                 ;
; Limit AHDL Integers to 32 Bits                                                  ; Off                ; Off                ;
; Optimization Technique                                                          ; Balanced           ; Balanced           ;
; Carry Chain Length                                                              ; 70                 ; 70                 ;
; Auto Carry Chains                                                               ; On                 ; On                 ;
; Auto Open-Drain Pins                                                            ; On                 ; On                 ;
; Perform WYSIWYG Primitive Resynthesis                                           ; Off                ; Off                ;
; Auto ROM Replacement                                                            ; On                 ; On                 ;
; Auto RAM Replacement                                                            ; On                 ; On                 ;
; Auto DSP Block Replacement                                                      ; On                 ; On                 ;
; Auto Shift Register Replacement                                                 ; Auto               ; Auto               ;
; Allow Shift Register Merging across Hierarchies                                 ; Auto               ; Auto               ;
; Auto Clock Enable Replacement                                                   ; On                 ; On                 ;
; Strict RAM Replacement                                                          ; Off                ; Off                ;
; Allow Synchronous Control Signals                                               ; On                 ; On                 ;
; Force Use of Synchronous Clear Signals                                          ; Off                ; Off                ;
; Auto Resource Sharing                                                           ; Off                ; Off                ;
; Allow Any RAM Size For Recognition                                              ; Off                ; Off                ;
; Allow Any ROM Size For Recognition                                              ; Off                ; Off                ;
; Allow Any Shift Register Size For Recognition                                   ; Off                ; Off                ;
; Use LogicLock Constraints during Resource Balancing                             ; On                 ; On                 ;
; Ignore translate_off and synthesis_off directives                               ; Off                ; Off                ;
; Timing-Driven Synthesis                                                         ; On                 ; On                 ;
; Report Parameter Settings                                                       ; On                 ; On                 ;
; Report Source Assignments                                                       ; On                 ; On                 ;
; Report Connectivity Checks                                                      ; On                 ; On                 ;
; Ignore Maximum Fan-Out Assignments                                              ; Off                ; Off                ;
; Synchronization Register Chain Length                                           ; 3                  ; 3                  ;
; Power Optimization During Synthesis                                             ; Normal compilation ; Normal compilation ;
; HDL message level                                                               ; Level2             ; Level2             ;
; Suppress Register Optimization Related Messages                                 ; Off                ; Off                ;
; Number of Removed Registers Reported in Synthesis Report                        ; 5000               ; 5000               ;
; Number of Swept Nodes Reported in Synthesis Report                              ; 5000               ; 5000               ;
; Number of Inverted Registers Reported in Synthesis Report                       ; 100                ; 100                ;
; Clock MUX Protection                                                            ; On                 ; On                 ;
; Auto Gated Clock Conversion                                                     ; Off                ; Off                ;
; Block Design Naming                                                             ; Auto               ; Auto               ;
; SDC constraint protection                                                       ; Off                ; Off                ;
; Synthesis Effort                                                                ; Auto               ; Auto               ;
; Shift Register Replacement - Allow Asynchronous Clear Signal                    ; On                 ; On                 ;
; Pre-Mapping Resynthesis Optimization                                            ; Off                ; Off                ;
; Analysis & Synthesis Message Level                                              ; Medium             ; Medium             ;
; Disable Register Merging Across Hierarchies                                     ; Auto               ; Auto               ;
; Resource Aware Inference For Block RAM                                          ; On                 ; On                 ;
; Automatic Parallel Synthesis                                                    ; On                 ; On                 ;
; Partial Reconfiguration Bitstream ID                                            ; Off                ; Off                ;
+---------------------------------------------------------------------------------+--------------------+--------------------+


+------------------------------------------+
; Parallel Compilation                     ;
+----------------------------+-------------+
; Processors                 ; Number      ;
+----------------------------+-------------+
; Number detected on machine ; 12          ;
; Maximum allowed            ; 10          ;
;                            ;             ;
; Average used               ; 1.00        ;
; Maximum used               ; 10          ;
;                            ;             ;
; Usage by Processor         ; % Time Used ;
;     Processor 1            ; 100.0%      ;
;     Processor 2            ;   0.1%      ;
;     Processor 3            ;   0.0%      ;
;     Processor 4            ;   0.0%      ;
;     Processor 5            ;   0.0%      ;
;     Processors 6-10        ;   0.0%      ;
+----------------------------+-------------+


+---------------------------------------------------------------------------------------------------------------------------------------------------------------------------------------+
; Analysis & Synthesis Source Files Read                                                                                                                                                ;
+----------------------------------+-----------------+------------------------------+-----------------------------------------------------------------------------------------+---------+
; File Name with User-Entered Path ; Used in Netlist ; File Type                    ; File Name with Absolute Path                                                            ; Library ;
+----------------------------------+-----------------+------------------------------+-----------------------------------------------------------------------------------------+---------+
; etch_a_sketch.sv                 ; yes             ; User SystemVerilog HDL File  ; C:/Users/teylo/Documents/GitHub/Tetris_LED_Matrix_FPGA/Quartus2/etch_a_sketch.sv        ;         ;
; encoder.sv                       ; yes             ; User SystemVerilog HDL File  ; C:/Users/teylo/Documents/GitHub/Tetris_LED_Matrix_FPGA/Quartus2/encoder.sv              ;         ;
; two_port_ram.sv                  ; yes             ; User SystemVerilog HDL File  ; C:/Users/teylo/Documents/GitHub/Tetris_LED_Matrix_FPGA/Quartus2/two_port_ram.sv         ;         ;
; top_level_matrix.sv              ; yes             ; User SystemVerilog HDL File  ; C:/Users/teylo/Documents/GitHub/Tetris_LED_Matrix_FPGA/Quartus2/top_level_matrix.sv     ;         ;
; led_matrix_data_path.sv          ; yes             ; User SystemVerilog HDL File  ; C:/Users/teylo/Documents/GitHub/Tetris_LED_Matrix_FPGA/Quartus2/led_matrix_data_path.sv ;         ;
; led_matrix_ctrl_path.sv          ; yes             ; User SystemVerilog HDL File  ; C:/Users/teylo/Documents/GitHub/Tetris_LED_Matrix_FPGA/Quartus2/led_matrix_ctrl_path.sv ;         ;
+----------------------------------+-----------------+------------------------------+-----------------------------------------------------------------------------------------+---------+


+----------------------------------------------------------+
; Analysis & Synthesis Resource Usage Summary              ;
+---------------------------------------------+------------+
; Resource                                    ; Usage      ;
+---------------------------------------------+------------+
; Estimate of Logic utilization (ALMs needed) ; 2344       ;
;                                             ;            ;
; Combinational ALUT usage for logic          ; 2824       ;
;     -- 7 input functions                    ; 1          ;
;     -- 6 input functions                    ; 1127       ;
;     -- 5 input functions                    ; 25         ;
;     -- 4 input functions                    ; 171        ;
;     -- <=3 input functions                  ; 1500       ;
;                                             ;            ;
; Dedicated logic registers                   ; 3197       ;
;                                             ;            ;
; I/O pins                                    ; 24         ;
;                                             ;            ;
; Total DSP Blocks                            ; 0          ;
;                                             ;            ;
; Maximum fan-out node                        ; counter[2] ;
; Maximum fan-out                             ; 3196       ;
; Total fan-out                               ; 19645      ;
; Average fan-out                             ; 3.24       ;
+---------------------------------------------+------------+


+-----------------------------------------------------------------------------------------------------------------------------------------------------------------------------------------------------------------------------------------------------------------+
; Analysis & Synthesis Resource Utilization by Entity                                                                                                                                                                                                             ;
+-------------------------------------+---------------------+---------------------------+-------------------+------------+------+--------------+----------------------------------------------------------------------------+----------------------+--------------+
; Compilation Hierarchy Node          ; Combinational ALUTs ; Dedicated Logic Registers ; Block Memory Bits ; DSP Blocks ; Pins ; Virtual Pins ; Full Hierarchy Name                                                        ; Entity Name          ; Library Name ;
+-------------------------------------+---------------------+---------------------------+-------------------+------------+------+--------------+----------------------------------------------------------------------------+----------------------+--------------+
; |top_level_matrix                   ; 2824 (4)            ; 3197 (3)                  ; 0                 ; 0          ; 24   ; 0            ; |top_level_matrix                                                          ; top_level_matrix     ; work         ;
;    |encoder:encoder_1|              ; 11 (11)             ; 16 (16)                   ; 0                 ; 0          ; 0    ; 0            ; |top_level_matrix|encoder:encoder_1                                        ; encoder              ; work         ;
;    |encoder:encoder_2|              ; 11 (11)             ; 16 (16)                   ; 0                 ; 0          ; 0    ; 0            ; |top_level_matrix|encoder:encoder_2                                        ; encoder              ; work         ;
;    |etch_a_sketch:game_logic|       ; 1132 (1132)         ; 1548 (1548)               ; 0                 ; 0          ; 0    ; 0            ; |top_level_matrix|etch_a_sketch:game_logic                                 ; etch_a_sketch        ; work         ;
;    |led_matrix_ctrl_path:ctrl_path| ; 65 (65)             ; 44 (44)                   ; 0                 ; 0          ; 0    ; 0            ; |top_level_matrix|led_matrix_ctrl_path:ctrl_path                           ; led_matrix_ctrl_path ; work         ;
;    |led_matrix_data_path:data_path| ; 1601 (531)          ; 1570 (20)                 ; 0                 ; 0          ; 0    ; 0            ; |top_level_matrix|led_matrix_data_path:data_path                           ; led_matrix_data_path ; work         ;
;       |two_port_ram:color_matrix|   ; 1070 (1070)         ; 1550 (1550)               ; 0                 ; 0          ; 0    ; 0            ; |top_level_matrix|led_matrix_data_path:data_path|two_port_ram:color_matrix ; two_port_ram         ; work         ;
+-------------------------------------+---------------------+---------------------------+-------------------+------------+------+--------------+----------------------------------------------------------------------------+----------------------+--------------+
Note: For table entries with two numbers listed, the numbers in parentheses indicate the number of resources of the given type used by the specific entity alone. The numbers listed outside of parentheses indicate the total resources of the given type used by the specific entity and all of its sub-entities in the hierarchy.


Encoding Type:  One-Hot
+------------------------------------------------------------------------+
; State Machine - |top_level_matrix|etch_a_sketch:game_logic|draw_colour ;
+-----------------+-----------------+-----------------+------------------+
; Name            ; draw_colour.100 ; draw_colour.010 ; draw_colour.001  ;
+-----------------+-----------------+-----------------+------------------+
; draw_colour.100 ; 0               ; 0               ; 0                ;
; draw_colour.010 ; 1               ; 1               ; 0                ;
; draw_colour.001 ; 1               ; 0               ; 1                ;
+-----------------+-----------------+-----------------+------------------+


Encoding Type:  One-Hot
+----------------------------------------------------------------------------------------------------------------------------------------+
; State Machine - |top_level_matrix|led_matrix_ctrl_path:ctrl_path|state                                                                 ;
+---------------+-----------+------------+--------------+-------------+------------+------------+-----------+------------+---------------+
; Name          ; state.INC ; state.DEAD ; state.OUTPUT ; state.LATCH ; state.POST ; state.DATA ; state.PRE ; state.INIT ; state.DEADinc ;
+---------------+-----------+------------+--------------+-------------+------------+------------+-----------+------------+---------------+
; state.INIT    ; 0         ; 0          ; 0            ; 0           ; 0          ; 0          ; 0         ; 0          ; 0             ;
; state.PRE     ; 0         ; 0          ; 0            ; 0           ; 0          ; 0          ; 1         ; 1          ; 0             ;
; state.DATA    ; 0         ; 0          ; 0            ; 0           ; 0          ; 1          ; 0         ; 1          ; 0             ;
; state.POST    ; 0         ; 0          ; 0            ; 0           ; 1          ; 0          ; 0         ; 1          ; 0             ;
; state.LATCH   ; 0         ; 0          ; 0            ; 1           ; 0          ; 0          ; 0         ; 1          ; 0             ;
; state.OUTPUT  ; 0         ; 0          ; 1            ; 0           ; 0          ; 0          ; 0         ; 1          ; 0             ;
; state.DEAD    ; 0         ; 1          ; 0            ; 0           ; 0          ; 0          ; 0         ; 1          ; 0             ;
; state.INC     ; 1         ; 0          ; 0            ; 0           ; 0          ; 0          ; 0         ; 1          ; 0             ;
; state.DEADinc ; 0         ; 0          ; 0            ; 0           ; 0          ; 0          ; 0         ; 1          ; 1             ;
+---------------+-----------+------------+--------------+-------------+------------+------------+-----------+------------+---------------+


+---------------------------------------------------------------------------------------------------------------------------------------------------------------------+
; Registers Removed During Synthesis                                                                                                                                  ;
+----------------------------------------------------------------------------+----------------------------------------------------------------------------------------+
; Register name                                                              ; Reason for Removal                                                                     ;
+----------------------------------------------------------------------------+----------------------------------------------------------------------------------------+
; led_matrix_data_path:data_path|two_port_ram:color_matrix|address_b_pipe[8] ; Stuck at VCC due to stuck port data_in                                                 ;
; led_matrix_data_path:data_path|two_port_ram:color_matrix|address_a_pipe[8] ; Stuck at GND due to stuck port data_in                                                 ;
; led_matrix_data_path:data_path|two_port_ram:color_matrix|address_a_pipe[0] ; Merged with led_matrix_data_path:data_path|two_port_ram:color_matrix|address_b_pipe[0] ;
; led_matrix_data_path:data_path|two_port_ram:color_matrix|address_a_pipe[1] ; Merged with led_matrix_data_path:data_path|two_port_ram:color_matrix|address_b_pipe[1] ;
; led_matrix_data_path:data_path|two_port_ram:color_matrix|address_a_pipe[2] ; Merged with led_matrix_data_path:data_path|two_port_ram:color_matrix|address_b_pipe[2] ;
; led_matrix_data_path:data_path|two_port_ram:color_matrix|address_a_pipe[3] ; Merged with led_matrix_data_path:data_path|two_port_ram:color_matrix|address_b_pipe[3] ;
; led_matrix_data_path:data_path|two_port_ram:color_matrix|address_a_pipe[4] ; Merged with led_matrix_data_path:data_path|two_port_ram:color_matrix|address_b_pipe[4] ;
; led_matrix_data_path:data_path|two_port_ram:color_matrix|address_a_pipe[5] ; Merged with led_matrix_data_path:data_path|two_port_ram:color_matrix|address_b_pipe[5] ;
; led_matrix_data_path:data_path|two_port_ram:color_matrix|address_a_pipe[6] ; Merged with led_matrix_data_path:data_path|two_port_ram:color_matrix|address_b_pipe[6] ;
; led_matrix_data_path:data_path|two_port_ram:color_matrix|address_a_pipe[7] ; Merged with led_matrix_data_path:data_path|two_port_ram:color_matrix|address_b_pipe[7] ;
; led_matrix_ctrl_path:ctrl_path|state~4                                     ; Lost fanout                                                                            ;
; led_matrix_ctrl_path:ctrl_path|state~5                                     ; Lost fanout                                                                            ;
; led_matrix_ctrl_path:ctrl_path|state~6                                     ; Lost fanout                                                                            ;
; counter[3..31]                                                             ; Lost fanout                                                                            ;
; Total Number of Removed Registers = 42                                     ;                                                                                        ;
+----------------------------------------------------------------------------+----------------------------------------------------------------------------------------+


+------------------------------------------------------+
; General Register Statistics                          ;
+----------------------------------------------+-------+
; Statistic                                    ; Value ;
+----------------------------------------------+-------+
; Total registers                              ; 3197  ;
; Number of registers using Synchronous Clear  ; 32    ;
; Number of registers using Synchronous Load   ; 0     ;
; Number of registers using Asynchronous Clear ; 0     ;
; Number of registers using Asynchronous Load  ; 0     ;
; Number of registers using Clock Enable       ; 3112  ;
; Number of registers using Preset             ; 0     ;
+----------------------------------------------+-------+


+------------------------------------------------------------------------------------------------------------------------------------------------------------------------------------------------------+
; Multiplexer Restructuring Statistics (Restructuring Performed)                                                                                                                                       ;
+--------------------+-----------+---------------+----------------------+------------------------+------------+----------------------------------------------------------------------------------------+
; Multiplexer Inputs ; Bus Width ; Baseline Area ; Area if Restructured ; Saving if Restructured ; Registered ; Example Multiplexer Output                                                             ;
+--------------------+-----------+---------------+----------------------+------------------------+------------+----------------------------------------------------------------------------------------+
; 3:1                ; 5 bits    ; 10 LEs        ; 5 LEs                ; 5 LEs                  ; Yes        ; |top_level_matrix|etch_a_sketch:game_logic|cursor_pos[0]                               ;
; 5:1                ; 4 bits    ; 12 LEs        ; 8 LEs                ; 4 LEs                  ; Yes        ; |top_level_matrix|etch_a_sketch:game_logic|cursor_pos[8]                               ;
; 256:1              ; 6 bits    ; 1020 LEs      ; 1020 LEs             ; 0 LEs                  ; Yes        ; |top_level_matrix|led_matrix_data_path:data_path|two_port_ram:color_matrix|q_a_pipe[0] ;
; 512:1              ; 3 bits    ; 1023 LEs      ; 1023 LEs             ; 0 LEs                  ; Yes        ; |top_level_matrix|led_matrix_data_path:data_path|write_data[2]                         ;
+--------------------+-----------+---------------+----------------------+------------------------+------------+----------------------------------------------------------------------------------------+


+------------------------------------------------------------+
; Source assignments for Top-level Entity: |top_level_matrix ;
+-----------------------+-------+------+---------------------+
; Assignment            ; Value ; From ; To                  ;
+-----------------------+-------+------+---------------------+
; WEAK_PULL_UP_RESISTOR ; ON    ; -    ; enc1_a              ;
; WEAK_PULL_UP_RESISTOR ; ON    ; -    ; enc1_b              ;
; WEAK_PULL_UP_RESISTOR ; ON    ; -    ; enc2_a              ;
; WEAK_PULL_UP_RESISTOR ; ON    ; -    ; enc2_b              ;
+-----------------------+-------+------+---------------------+


+-----------------------------------------------------------------------------+
; Parameter Settings for User Entity Instance: led_matrix_ctrl_path:ctrl_path ;
+----------------+-------+----------------------------------------------------+
; Parameter Name ; Value ; Type                                               ;
+----------------+-------+----------------------------------------------------+
; INIT           ; 0000  ; Unsigned Binary                                    ;
; PRE            ; 0001  ; Unsigned Binary                                    ;
; DATA           ; 0010  ; Unsigned Binary                                    ;
; POST           ; 0011  ; Unsigned Binary                                    ;
; LATCH          ; 0100  ; Unsigned Binary                                    ;
; OUTPUT         ; 0101  ; Unsigned Binary                                    ;
; DEAD           ; 0110  ; Unsigned Binary                                    ;
; INC            ; 0111  ; Unsigned Binary                                    ;
; DEADinc        ; 1000  ; Unsigned Binary                                    ;
+----------------+-------+----------------------------------------------------+
Note: In order to hide this table in the UI and the text report file, please set the "Show Parameter Settings in Synthesis Report" option in "Analysis and Synthesis Settings -> More Settings" to "Off".


+------------------------------------------------------+
; Port Connectivity Checks: "etch_a_sketch:game_logic" ;
+---------+-------+----------+-------------------------+
; Port    ; Type  ; Severity ; Details                 ;
+---------+-------+----------+-------------------------+
; reset_n ; Input ; Info     ; Stuck at VCC            ;
+---------+-------+----------+-------------------------+


+----------------------------------------------------------------------------------------------------------------+
; Port Connectivity Checks: "led_matrix_ctrl_path:ctrl_path"                                                     ;
+------+--------+----------+-------------------------------------------------------------------------------------+
; Port ; Type   ; Severity ; Details                                                                             ;
+------+--------+----------+-------------------------------------------------------------------------------------+
; busy ; Output ; Info     ; Connected to dangling logic. Logic that only feeds a dangling port will be removed. ;
+------+--------+----------+-------------------------------------------------------------------------------------+


+--------------------------------------------------------------------------------------+
; Port Connectivity Checks: "led_matrix_data_path:data_path|two_port_ram:color_matrix" ;
+--------------+-------+----------+----------------------------------------------------+
; Port         ; Type  ; Severity ; Details                                            ;
+--------------+-------+----------+----------------------------------------------------+
; address_a[8] ; Input ; Info     ; Stuck at GND                                       ;
; address_b[8] ; Input ; Info     ; Stuck at VCC                                       ;
+--------------+-------+----------+----------------------------------------------------+


+------------------------------------------------------------+
; Port Connectivity Checks: "led_matrix_data_path:data_path" ;
+-------+-------+----------+---------------------------------+
; Port  ; Type  ; Severity ; Details                         ;
+-------+-------+----------+---------------------------------+
; RESET ; Input ; Info     ; Stuck at GND                    ;
+-------+-------+----------+---------------------------------+


+-----------------------------------------------------+
; Post-Synthesis Netlist Statistics for Top Partition ;
+-----------------------+-----------------------------+
; Type                  ; Count                       ;
+-----------------------+-----------------------------+
; arriav_ff             ; 3197                        ;
;     ENA               ; 3112                        ;
;     SCLR              ; 32                          ;
;     plain             ; 53                          ;
; arriav_lcell_comb     ; 2826                        ;
;     arith             ; 67                          ;
;         1 data inputs ; 64                          ;
;         2 data inputs ; 3                           ;
;     extend            ; 1                           ;
;         7 data inputs ; 1                           ;
;     normal            ; 2758                        ;
;         0 data inputs ; 1                           ;
;         1 data inputs ; 518                         ;
;         2 data inputs ; 902                         ;
;         3 data inputs ; 14                          ;
;         4 data inputs ; 171                         ;
;         5 data inputs ; 25                          ;
;         6 data inputs ; 1127                        ;
; boundary_port         ; 24                          ;
;                       ;                             ;
; Max LUT depth         ; 5.00                        ;
; Average LUT depth     ; 3.68                        ;
+-----------------------+-----------------------------+


+-------------------------------+
; Elapsed Time Per Partition    ;
+----------------+--------------+
; Partition Name ; Elapsed Time ;
+----------------+--------------+
; Top            ; 00:00:04     ;
+----------------+--------------+


+-------------------------------+
; Analysis & Synthesis Messages ;
+-------------------------------+
Info: *******************************************************************
Info: Running Quartus Prime Analysis & Synthesis
    Info: Version 18.1.0 Build 625 09/12/2018 SJ Lite Edition
    Info: Processing started: Tue Apr 01 12:10:35 2025
Info: Command: quartus_map --read_settings_files=on --write_settings_files=off top_level_matrix -c top_level_matrix
Warning (18236): Number of processors has not been specified which may cause overloading on shared machines.  Set the global assignment NUM_PARALLEL_PROCESSORS in your QSF to an appropriate value for best performance.
Info (20030): Parallel compilation is enabled and will use 10 of the 10 processors detected
Info (12021): Found 1 design units, including 1 entities, in source file etch_a_sketch.sv
    Info (12023): Found entity 1: etch_a_sketch File: C:/Users/teylo/Documents/GitHub/Tetris_LED_Matrix_FPGA/Quartus2/etch_a_sketch.sv Line: 4
Info (12021): Found 1 design units, including 1 entities, in source file encoder.sv
    Info (12023): Found entity 1: encoder File: C:/Users/teylo/Documents/GitHub/Tetris_LED_Matrix_FPGA/Quartus2/encoder.sv Line: 5
Info (12021): Found 1 design units, including 1 entities, in source file two_port_ram.sv
    Info (12023): Found entity 1: two_port_ram File: C:/Users/teylo/Documents/GitHub/Tetris_LED_Matrix_FPGA/Quartus2/two_port_ram.sv Line: 6
Info (12021): Found 1 design units, including 1 entities, in source file top_level_matrix.sv
    Info (12023): Found entity 1: top_level_matrix File: C:/Users/teylo/Documents/GitHub/Tetris_LED_Matrix_FPGA/Quartus2/top_level_matrix.sv Line: 5
Info (12021): Found 1 design units, including 1 entities, in source file led_matrix_data_path.sv
    Info (12023): Found entity 1: led_matrix_data_path File: C:/Users/teylo/Documents/GitHub/Tetris_LED_Matrix_FPGA/Quartus2/led_matrix_data_path.sv Line: 5
Info (12021): Found 1 design units, including 1 entities, in source file led_matrix_ctrl_path.sv
    Info (12023): Found entity 1: led_matrix_ctrl_path File: C:/Users/teylo/Documents/GitHub/Tetris_LED_Matrix_FPGA/Quartus2/led_matrix_ctrl_path.sv Line: 5
Warning (10236): Verilog HDL Implicit Net warning at top_level_matrix.sv(119): created implicit net for "busy" File: C:/Users/teylo/Documents/GitHub/Tetris_LED_Matrix_FPGA/Quartus2/top_level_matrix.sv Line: 119
Info (12127): Elaborating entity "top_level_matrix" for the top level hierarchy
Info (12128): Elaborating entity "led_matrix_data_path" for hierarchy "led_matrix_data_path:data_path" File: C:/Users/teylo/Documents/GitHub/Tetris_LED_Matrix_FPGA/Quartus2/top_level_matrix.sv Line: 110
Warning (10230): Verilog HDL assignment warning at led_matrix_data_path.sv(40): truncated value with size 32 to match size of target (9) File: C:/Users/teylo/Documents/GitHub/Tetris_LED_Matrix_FPGA/Quartus2/led_matrix_data_path.sv Line: 40
Info (12128): Elaborating entity "two_port_ram" for hierarchy "led_matrix_data_path:data_path|two_port_ram:color_matrix" File: C:/Users/teylo/Documents/GitHub/Tetris_LED_Matrix_FPGA/Quartus2/led_matrix_data_path.sv Line: 60
Info (12128): Elaborating entity "led_matrix_ctrl_path" for hierarchy "led_matrix_ctrl_path:ctrl_path" File: C:/Users/teylo/Documents/GitHub/Tetris_LED_Matrix_FPGA/Quartus2/top_level_matrix.sv Line: 121
Warning (10230): Verilog HDL assignment warning at led_matrix_ctrl_path.sv(76): truncated value with size 32 to match size of target (3) File: C:/Users/teylo/Documents/GitHub/Tetris_LED_Matrix_FPGA/Quartus2/led_matrix_ctrl_path.sv Line: 76
Info (12128): Elaborating entity "etch_a_sketch" for hierarchy "etch_a_sketch:game_logic" File: C:/Users/teylo/Documents/GitHub/Tetris_LED_Matrix_FPGA/Quartus2/top_level_matrix.sv Line: 132
Warning (10230): Verilog HDL assignment warning at etch_a_sketch.sv(37): truncated value with size 32 to match size of target (9) File: C:/Users/teylo/Documents/GitHub/Tetris_LED_Matrix_FPGA/Quartus2/etch_a_sketch.sv Line: 37
Warning (10230): Verilog HDL assignment warning at etch_a_sketch.sv(41): truncated value with size 32 to match size of target (9) File: C:/Users/teylo/Documents/GitHub/Tetris_LED_Matrix_FPGA/Quartus2/etch_a_sketch.sv Line: 41
Warning (10230): Verilog HDL assignment warning at etch_a_sketch.sv(45): truncated value with size 32 to match size of target (9) File: C:/Users/teylo/Documents/GitHub/Tetris_LED_Matrix_FPGA/Quartus2/etch_a_sketch.sv Line: 45
Warning (10230): Verilog HDL assignment warning at etch_a_sketch.sv(49): truncated value with size 32 to match size of target (9) File: C:/Users/teylo/Documents/GitHub/Tetris_LED_Matrix_FPGA/Quartus2/etch_a_sketch.sv Line: 49
Info (12128): Elaborating entity "encoder" for hierarchy "encoder:encoder_1" File: C:/Users/teylo/Documents/GitHub/Tetris_LED_Matrix_FPGA/Quartus2/top_level_matrix.sv Line: 134
Warning (10036): Verilog HDL or VHDL warning at encoder.sv(18): object "current_state" assigned a value but never read File: C:/Users/teylo/Documents/GitHub/Tetris_LED_Matrix_FPGA/Quartus2/encoder.sv Line: 18
Info (13014): Ignored 4 buffer(s)
    Info (13019): Ignored 4 SOFT buffer(s)
Warning (13024): Output pins are stuck at VCC or GND
    Warning (13410): Pin "gnd[0]" is stuck at GND File: C:/Users/teylo/Documents/GitHub/Tetris_LED_Matrix_FPGA/Quartus2/top_level_matrix.sv Line: 15
    Warning (13410): Pin "gnd[1]" is stuck at GND File: C:/Users/teylo/Documents/GitHub/Tetris_LED_Matrix_FPGA/Quartus2/top_level_matrix.sv Line: 15
    Warning (13410): Pin "gnd[2]" is stuck at GND File: C:/Users/teylo/Documents/GitHub/Tetris_LED_Matrix_FPGA/Quartus2/top_level_matrix.sv Line: 15
    Warning (13410): Pin "gnd[3]" is stuck at GND File: C:/Users/teylo/Documents/GitHub/Tetris_LED_Matrix_FPGA/Quartus2/top_level_matrix.sv Line: 15
Info (286030): Timing-Driven Synthesis is running
Info (17049): 32 registers lost all their fanouts during netlist optimizations.
Warning (20013): Ignored 24 assignments for entity "top_level" -- entity does not exist in design
    Warning (20014): Assignment for entity set_instance_assignment -name PARTITION_HIERARCHY root_partition -to | -entity top_level -section_id Top was ignored
    Warning (20014): Assignment for entity set_global_assignment -name PARTITION_NETLIST_TYPE SOURCE -entity top_level -section_id Top was ignored
    Warning (20014): Assignment for entity set_global_assignment -name PARTITION_FITTER_PRESERVATION_LEVEL PLACEMENT_AND_ROUTING -entity top_level -section_id Top was ignored
    Warning (20014): Assignment for entity set_global_assignment -name PARTITION_PRESERVE_HIGH_SPEED_TILES ON -entity top_level -section_id Top was ignored
    Warning (20014): Assignment for entity set_global_assignment -name PARTITION_IGNORE_SOURCE_FILE_CHANGES OFF -entity top_level -section_id Top was ignored
    Warning (20014): Assignment for entity set_global_assignment -name PARTITION_ALWAYS_USE_QXP_NETLIST OFF -entity top_level -section_id Top was ignored
    Warning (20014): Assignment for entity set_global_assignment -name PARTITION_COLOR 16764057 -entity top_level -section_id Top was ignored
    Warning (20014): Assignment for entity set_global_assignment -name PARTITION_IMPORT_ASSIGNMENTS ON -entity top_level -section_id Top was ignored
    Warning (20014): Assignment for entity set_global_assignment -name PARTITION_IMPORT_EXISTING_ASSIGNMENTS REPLACE_CONFLICTING -entity top_level -section_id Top was ignored
    Warning (20014): Assignment for entity set_global_assignment -name PARTITION_IMPORT_EXISTING_LOGICLOCK_REGIONS UPDATE_CONFLICTING -entity top_level -section_id Top was ignored
    Warning (20014): Assignment for entity set_global_assignment -name PARTITION_IMPORT_PIN_ASSIGNMENTS ON -entity top_level -section_id Top was ignored
    Warning (20014): Assignment for entity set_global_assignment -name PARTITION_IMPORT_PROMOTE_ASSIGNMENTS ON -entity top_level -section_id Top was ignored
    Warning (20014): Assignment for entity set_global_assignment -name PARTITION_TYPE STANDARD_PARTITION -entity top_level -section_id Top was ignored
    Warning (20014): Assignment for entity set_global_assignment -name ALLOW_MULTIPLE_PERSONAS OFF -entity top_level -section_id Top was ignored
    Warning (20014): Assignment for entity set_global_assignment -name PARTITION_ASD_REGION_ID 1 -entity top_level -section_id Top was ignored
    Warning (20014): Assignment for entity set_global_assignment -name CROSS_BOUNDARY_OPTIMIZATIONS OFF -entity top_level -section_id Top was ignored
    Warning (20014): Assignment for entity set_global_assignment -name PROPAGATE_CONSTANTS_ON_INPUTS ON -entity top_level -section_id Top was ignored
    Warning (20014): Assignment for entity set_global_assignment -name PROPAGATE_INVERSIONS_ON_INPUTS ON -entity top_level -section_id Top was ignored
    Warning (20014): Assignment for entity set_global_assignment -name REMOVE_LOGIC_ON_UNCONNECTED_OUTPUTS ON -entity top_level -section_id Top was ignored
    Warning (20014): Assignment for entity set_global_assignment -name MERGE_EQUIVALENT_INPUTS ON -entity top_level -section_id Top was ignored
    Warning (20014): Assignment for entity set_global_assignment -name MERGE_EQUIVALENT_BIDIRS ON -entity top_level -section_id Top was ignored
    Warning (20014): Assignment for entity set_global_assignment -name ABSORB_PATHS_FROM_OUTPUTS_TO_INPUTS ON -entity top_level -section_id Top was ignored
    Warning (20014): Assignment for entity set_global_assignment -name PARTITION_EXTRACT_HARD_BLOCK_NODES ON -entity top_level -section_id Top was ignored
    Warning (20014): Assignment for entity set_global_assignment -name PARTITION_ENABLE_STRICT_PRESERVATION OFF -entity top_level -section_id Top was ignored
Info (144001): Generated suppressed messages file C:/Users/teylo/Documents/GitHub/Tetris_LED_Matrix_FPGA/Quartus2/output_files/top_level_matrix.map.smsg
Info (16010): Generating hard_block partition "hard_block:auto_generated_inst"
    Info (16011): Adding 0 node(s), including 0 DDIO, 0 PLL, 0 transceiver and 0 LCELL
Warning (21074): Design contains 2 input pin(s) that do not drive logic
    Warning (15610): No output dependent on input pin "reset" File: C:/Users/teylo/Documents/GitHub/Tetris_LED_Matrix_FPGA/Quartus2/top_level_matrix.sv Line: 7
    Warning (15610): No output dependent on input pin "s1" File: C:/Users/teylo/Documents/GitHub/Tetris_LED_Matrix_FPGA/Quartus2/top_level_matrix.sv Line: 21
Info (21057): Implemented 5434 device resources after synthesis - the final resource count might be different
    Info (21058): Implemented 8 input pins
    Info (21059): Implemented 16 output pins
    Info (21061): Implemented 5410 logic cells
Info: Quartus Prime Analysis & Synthesis was successful. 0 errors, 42 warnings
    Info: Peak virtual memory: 4922 megabytes
    Info: Processing ended: Tue Apr 01 12:10:52 2025
    Info: Elapsed time: 00:00:17
    Info: Total CPU time (on all processors): 00:00:13


+------------------------------------------+
; Analysis & Synthesis Suppressed Messages ;
+------------------------------------------+
The suppressed messages can be found in C:/Users/teylo/Documents/GitHub/Tetris_LED_Matrix_FPGA/Quartus2/output_files/top_level_matrix.map.smsg.


