------------------------------------------------------------
Timing Analyzer Summary
------------------------------------------------------------

Type  : Slow 1100mV 85C Model Setup 'counter[2]'
Slack : -6.737
TNS   : -12280.791

Type  : Slow 1100mV 85C Model Setup 'CLK'
Slack : -3.910
TNS   : -38.406

Type  : Slow 1100mV 85C Model Setup 'clk_div_count[5]'
Slack : -2.592
TNS   : -83.305

Type  : Slow 1100mV 85C Model Hold 'CLK'
Slack : 0.243
TNS   : 0.000

Type  : Slow 1100mV 85C Model Hold 'counter[2]'
Slack : 0.378
TNS   : 0.000

Type  : Slow 1100mV 85C Model Hold 'clk_div_count[5]'
Slack : 0.611
TNS   : 0.000

Type  : Slow 1100mV 85C Model Minimum Pulse Width 'CLK'
Slack : -0.408
TNS   : -9.768

Type  : Slow 1100mV 85C Model Minimum Pulse Width 'counter[2]'
Slack : -0.394
TNS   : -1827.900

Type  : Slow 1100mV 85C Model Minimum Pulse Width 'clk_div_count[5]'
Slack : -0.394
TNS   : -21.561

Type  : Slow 1100mV 0C Model Setup 'counter[2]'
Slack : -6.474
TNS   : -11689.473

Type  : Slow 1100mV 0C Model Setup 'CLK'
Slack : -4.020
TNS   : -37.444

Type  : Slow 1100mV 0C Model Setup 'clk_div_count[5]'
Slack : -2.458
TNS   : -79.221

Type  : Slow 1100mV 0C Model Hold 'CLK'
Slack : 0.090
TNS   : 0.000

Type  : Slow 1100mV 0C Model Hold 'counter[2]'
Slack : 0.315
TNS   : 0.000

Type  : Slow 1100mV 0C Model Hold 'clk_div_count[5]'
Slack : 0.608
TNS   : 0.000

Type  : Slow 1100mV 0C Model Minimum Pulse Width 'CLK'
Slack : -0.405
TNS   : -10.679

Type  : Slow 1100mV 0C Model Minimum Pulse Width 'counter[2]'
Slack : -0.394
TNS   : -1952.934

Type  : Slow 1100mV 0C Model Minimum Pulse Width 'clk_div_count[5]'
Slack : -0.394
TNS   : -20.992

Type  : Fast 1100mV 85C Model Setup 'counter[2]'
Slack : -4.305
TNS   : -6817.204

Type  : Fast 1100mV 85C Model Setup 'CLK'
Slack : -2.714
TNS   : -26.295

Type  : Fast 1100mV 85C Model Setup 'clk_div_count[5]'
Slack : -1.355
TNS   : -40.242

Type  : Fast 1100mV 85C Model Hold 'counter[2]'
Slack : 0.180
TNS   : 0.000

Type  : Fast 1100mV 85C Model Hold 'CLK'
Slack : 0.210
TNS   : 0.000

Type  : Fast 1100mV 85C Model Hold 'clk_div_count[5]'
Slack : 0.316
TNS   : 0.000

Type  : Fast 1100mV 85C Model Minimum Pulse Width 'CLK'
Slack : -0.452
TNS   : -2.768

Type  : Fast 1100mV 85C Model Minimum Pulse Width 'clk_div_count[5]'
Slack : 0.042
TNS   : 0.000

Type  : Fast 1100mV 85C Model Minimum Pulse Width 'counter[2]'
Slack : 0.119
TNS   : 0.000

Type  : Fast 1100mV 0C Model Setup 'counter[2]'
Slack : -3.666
TNS   : -5816.267

Type  : Fast 1100mV 0C Model Setup 'CLK'
Slack : -2.335
TNS   : -21.952

Type  : Fast 1100mV 0C Model Setup 'clk_div_count[5]'
Slack : -1.145
TNS   : -34.687

Type  : Fast 1100mV 0C Model Hold 'CLK'
Slack : 0.151
TNS   : 0.000

Type  : Fast 1100mV 0C Model Hold 'counter[2]'
Slack : 0.172
TNS   : 0.000

Type  : Fast 1100mV 0C Model Hold 'clk_div_count[5]'
Slack : 0.288
TNS   : 0.000

Type  : Fast 1100mV 0C Model Minimum Pulse Width 'CLK'
Slack : -0.430
TNS   : -2.705

Type  : Fast 1100mV 0C Model Minimum Pulse Width 'clk_div_count[5]'
Slack : 0.077
TNS   : 0.000

Type  : Fast 1100mV 0C Model Minimum Pulse Width 'counter[2]'
Slack : 0.124
TNS   : 0.000

------------------------------------------------------------
