------------------------------------------------------------
Timing Analyzer Summary
------------------------------------------------------------

Type  : Slow 1100mV 85C Model Setup 'counter[2]'
Slack : -7.005
TNS   : -13472.583

Type  : Slow 1100mV 85C Model Setup 'CLK'
Slack : -4.168
TNS   : -13.723

Type  : Slow 1100mV 85C Model Setup 'clk_div_count[5]'
Slack : -2.240
TNS   : -71.998

Type  : Slow 1100mV 85C Model Hold 'clk_div_count[5]'
Slack : 0.152
TNS   : 0.000

Type  : Slow 1100mV 85C Model Hold 'counter[2]'
Slack : 0.357
TNS   : 0.000

Type  : Slow 1100mV 85C Model Hold 'CLK'
Slack : 0.510
TNS   : 0.000

Type  : Slow 1100mV 85C Model Minimum Pulse Width 'counter[2]'
Slack : -0.394
TNS   : -1769.766

Type  : Slow 1100mV 85C Model Minimum Pulse Width 'clk_div_count[5]'
Slack : -0.394
TNS   : -21.941

Type  : Slow 1100mV 85C Model Minimum Pulse Width 'CLK'
Slack : -0.394
TNS   : -4.507

Type  : Slow 1100mV 0C Model Setup 'counter[2]'
Slack : -6.803
TNS   : -12885.984

Type  : Slow 1100mV 0C Model Setup 'CLK'
Slack : -4.288
TNS   : -14.384

Type  : Slow 1100mV 0C Model Setup 'clk_div_count[5]'
Slack : -2.151
TNS   : -69.314

Type  : Slow 1100mV 0C Model Hold 'clk_div_count[5]'
Slack : 0.222
TNS   : 0.000

Type  : Slow 1100mV 0C Model Hold 'counter[2]'
Slack : 0.374
TNS   : 0.000

Type  : Slow 1100mV 0C Model Hold 'CLK'
Slack : 0.522
TNS   : 0.000

Type  : Slow 1100mV 0C Model Minimum Pulse Width 'counter[2]'
Slack : -0.394
TNS   : -1785.073

Type  : Slow 1100mV 0C Model Minimum Pulse Width 'clk_div_count[5]'
Slack : -0.394
TNS   : -20.977

Type  : Slow 1100mV 0C Model Minimum Pulse Width 'CLK'
Slack : -0.394
TNS   : -4.653

Type  : Fast 1100mV 85C Model Setup 'counter[2]'
Slack : -4.557
TNS   : -7748.742

Type  : Fast 1100mV 85C Model Setup 'CLK'
Slack : -2.648
TNS   : -6.152

Type  : Fast 1100mV 85C Model Setup 'clk_div_count[5]'
Slack : -1.296
TNS   : -34.977

Type  : Fast 1100mV 85C Model Hold 'clk_div_count[5]'
Slack : 0.116
TNS   : 0.000

Type  : Fast 1100mV 85C Model Hold 'counter[2]'
Slack : 0.178
TNS   : 0.000

Type  : Fast 1100mV 85C Model Hold 'CLK'
Slack : 0.233
TNS   : 0.000

Type  : Fast 1100mV 85C Model Minimum Pulse Width 'CLK'
Slack : -0.355
TNS   : -1.423

Type  : Fast 1100mV 85C Model Minimum Pulse Width 'clk_div_count[5]'
Slack : 0.008
TNS   : 0.000

Type  : Fast 1100mV 85C Model Minimum Pulse Width 'counter[2]'
Slack : 0.034
TNS   : 0.000

Type  : Fast 1100mV 0C Model Setup 'counter[2]'
Slack : -3.918
TNS   : -6627.929

Type  : Fast 1100mV 0C Model Setup 'CLK'
Slack : -2.270
TNS   : -5.247

Type  : Fast 1100mV 0C Model Setup 'clk_div_count[5]'
Slack : -1.149
TNS   : -29.964

Type  : Fast 1100mV 0C Model Hold 'clk_div_count[5]'
Slack : 0.127
TNS   : 0.000

Type  : Fast 1100mV 0C Model Hold 'counter[2]'
Slack : 0.168
TNS   : 0.000

Type  : Fast 1100mV 0C Model Hold 'CLK'
Slack : 0.224
TNS   : 0.000

Type  : Fast 1100mV 0C Model Minimum Pulse Width 'CLK'
Slack : -0.335
TNS   : -1.351

Type  : Fast 1100mV 0C Model Minimum Pulse Width 'clk_div_count[5]'
Slack : 0.018
TNS   : 0.000

Type  : Fast 1100mV 0C Model Minimum Pulse Width 'counter[2]'
Slack : 0.076
TNS   : 0.000

------------------------------------------------------------
